Component: ARM Compiler 5.06 update 6 (build 750) Tool: armlink [4d35ed]

==============================================================================

Section Cross References

    lcd.o(.text) refers to gpio.o(.text) for Gpio_ClrIO
    lcd.o(.text) refers to ddl.o(.text) for delay1ms
    lcd.o(.text) refers to lcd.o(.constdata) for gImage_pm
    lcd.o(.text) refers to lcd.o(.data) for POINT_COLOR
    lcd.o(.text) refers to airbox.o(.text) for CO2_Get_data
    lcd.o(.text) refers to printf8.o(i.__0printf$8) for __2printf
    lcd.o(.text) refers to idiv.o(.text) for __aeabi_idivmod
    lcd.o(.text) refers to system.o(.data) for _time
    lcd.o(.data) refers to lcd.o(.constdata) for gImage_pm
    sc09.o(.text) refers to sysctrl.o(.text) for Sysctrl_SetPeripheralGate
    sc09.o(.text) refers to gpio.o(.text) for Gpio_Init
    sc09.o(.text) refers to sc09.o(.data) for sss
    sc09.o(.text) refers to printf8.o(i.__0printf$8) for __2printf
    sc09.o(.text) refers to airbox.o(.text) for CO2_Set_data
    sc09.o(.text) refers to ddl.o(.text) for delay1ms
    sc09.o(.text) refers to idiv.o(.text) for __aeabi_idivmod
    uart_pm.o(.text) refers to ddl.o(.text) for ddl_memclr
    uart_pm.o(.text) refers to sysctrl.o(.text) for Sysctrl_SetPeripheralGate
    uart_pm.o(.text) refers to gpio.o(.text) for Gpio_Init
    uart_pm.o(.text) refers to lpuart.o(.text) for LPUart_Init
    uart_pm.o(.text) refers to interrupts_hc32l13x.o(.text) for EnableNvic
    uart_pm.o(.text) refers to printf8.o(i.__0printf$8) for __2printf
    uart_pm.o(.text) refers to airbox.o(.text) for PM_Set_data
    uart_pm.o(.text) refers to uart_pm.o(.bss) for u8RxData
    uart_pm.o(.text) refers to uart_pm.o(.data) for uart_flag
    main.o(.text) refers to ddl.o(.text) for ddl_memclr
    main.o(.text) refers to sysctrl.o(.text) for Sysctrl_SetPeripheralGate
    main.o(.text) refers to bt.o(.text) for Bt_Mode0_Init
    main.o(.text) refers to interrupts_hc32l13x.o(.text) for EnableNvic
    main.o(.text) refers to gpio.o(.text) for Gpio_GetInputIO
    main.o(.text) refers to mcu_api.o(.text) for mcu_network_start
    main.o(.text) refers to wdt.o(.text) for Wdt_Init
    main.o(.text) refers to uart.o(.text) for Uart_Init
    main.o(.text) refers to uart_pm.o(.text) for App_PM_PortInit
    main.o(.text) refers to sc09.o(.text) for sc09_io_init
    main.o(.text) refers to lcd.o(.text) for ST7789V_Init
    main.o(.text) refers to protocol.o(.text) for all_data_update
    main.o(.text) refers to main.o(.data) for BuzzerCount
    main.o(.text) refers to i2c.o(.text) for I2C_Init
    main.o(.text) refers to main.o(i.__ARM_common_switch8) for __ARM_common_switch8
    airbox.o(.text) refers to protocol.o(.text) for all_data_update
    airbox.o(.text) refers to airbox.o(.data) for Display
    mcu_api.o(.text) refers to system.o(.text) for set_zigbee_uart_byte
    mcu_api.o(.text) refers to system.o(.bss) for zigbee_uart_tx_buf
    mcu_api.o(.text) refers to system.o(.data) for queue_out
    mcu_api.o(.text) refers to mcu_api.o(.data) for rx_in
    protocol.o(.text) refers to uart.o(.text) for Uart_SendDataPoll
    protocol.o(.text) refers to airbox.o(.text) for TEM_Get_data
    protocol.o(.text) refers to mcu_api.o(.text) for mcu_dp_value_update
    protocol.o(.text) refers to system.o(.text) for zigbee_timestamp_to_time
    protocol.o(.text) refers to flash.o(.text) for Flash_SectorErase
    protocol.o(.text) refers to memseta.o(.text) for __aeabi_memclr4
    protocol.o(.text) refers to system.o(.data) for timestamp
    protocol.o(.text) refers to system.o(.bss) for zigbee_uart_rx_buf
    protocol.o(.text) refers to protocol.o(.data) for Flash_Adder
    protocol.o(.text) refers to protocol.o(.bss) for OTA_Data
    protocol.o(.text) refers to protocol.o(.constdata) for .constdata
    system.o(.text) refers to mcu_api.o(.text) for my_memcpy
    system.o(.text) refers to protocol.o(.text) for uart_transmit_output
    system.o(.text) refers to main.o(i.__ARM_common_switch8) for __ARM_common_switch8
    system.o(.text) refers to uidiv.o(.text) for __aeabi_uidivmod
    system.o(.text) refers to system.o(.data) for global_seq_num
    system.o(.text) refers to system.o(.bss) for zigbee_uart_tx_buf
    system.o(.text) refers to protocol.o(.constdata) for download_cmd
    system.o(.text) refers to idiv.o(.text) for __aeabi_idivmod
    system.o(.text) refers to system.o(.constdata) for mon_table
    interrupts_hc32l13x.o(.text) refers (Weak) to main.o(.text) for Uart1_IRQHandler
    interrupts_hc32l13x.o(.text) refers (Weak) to uart_pm.o(.text) for LpUart0_IRQHandler
    interrupts_hc32l13x.o(.text) refers (Weak) to main.o(.text) for Tim0_IRQHandler
    system_hc32l13x.o(.text) refers to sysctrl.o(.text) for Sysctrl_GetHClkFreq
    system_hc32l13x.o(.text) refers to main.o(.text) for $Super$$main
    system_hc32l13x.o(.text) refers to system_hc32l13x.o(.data) for SystemCoreClock
    startup_hc32l13x.o(RESET) refers to startup_hc32l13x.o(STACK) for __initial_sp
[...]
    printf7.o(i.__0vsprintf$7) refers to printf7.o(i._printf_core) for _printf_core
    printf7.o(i.__0vsprintf$7) refers to printf7.o(i._sputc) for _sputc
    printf7.o(i._printf_core) refers to printf7.o(i._printf_pre_padding) for _printf_pre_padding
    printf7.o(i._printf_core) refers to printf7.o(i._printf_post_padding) for _printf_post_padding
    printf7.o(i._printf_core) refers to uldiv.o(.text) for __aeabi_uldivmod
    printf8.o(i.__0fprintf$8) refers to printf8.o(i._printf_core) for _printf_core
    printf8.o(i.__0fprintf$8) refers to main.o(.text) for fputc
    printf8.o(i.__0printf$8) refers to printf8.o(i._printf_core) for _printf_core
    printf8.o(i.__0printf$8) refers to main.o(.text) for fputc
    printf8.o(i.__0printf$8) refers to ddl.o(.data) for __stdout
    printf8.o(i.__0snprintf$8) refers to printf8.o(i._printf_core) for _printf_core
    printf8.o(i.__0snprintf$8) refers to printf8.o(i._snputc) for _snputc
    printf8.o(i.__0sprintf$8) refers to printf8.o(i._printf_core) for _printf_core
    printf8.o(i.__0sprintf$8) refers to printf8.o(i._sputc) for _sputc
    printf8.o(i.__0vfprintf$8) refers to printf8.o(i._printf_core) for _printf_core
    printf8.o(i.__0vfprintf$8) refers to main.o(.text) for fputc
    printf8.o(i.__0vprintf$8) refers to printf8.o(i._printf_core) for _printf_core
    printf8.o(i.__0vprintf$8) refers to main.o(.text) for fputc
    printf8.o(i.__0vprintf$8) refers to ddl.o(.data) for __stdout
    printf8.o(i.__0vsnprintf$8) refers to printf8.o(i._printf_core) for _printf_core
    printf8.o(i.__0vsnprintf$8) refers to printf8.o(i._snputc) for _snputc
    printf8.o(i.__0vsprintf$8) refers to printf8.o(i._printf_core) for _printf_core
    printf8.o(i.__0vsprintf$8) refers to printf8.o(i._sputc) for _sputc
    printf8.o(i._printf_core) refers to printf8.o(i._printf_pre_padding) for _printf_pre_padding
    printf8.o(i._printf_core) refers to printf8.o(i._printf_post_padding) for _printf_post_padding
    printf8.o(i._printf_core) refers to uldiv.o(.text) for __aeabi_uldivmod
    printfa.o(i.__0fprintf) refers (Special) to iusefp.o(.text) for __I$use$fp
    printfa.o(i.__0fprintf) refers to printfa.o(i._printf_core) for _printf_core
    printfa.o(i.__0fprintf) refers to main.o(.text) for fputc
    printfa.o(i.__0printf) refers (Special) to iusefp.o(.text) for __I$use$fp
    printfa.o(i.__0printf) refers to printfa.o(i._printf_core) for _printf_core
    printfa.o(i.__0printf) refers to main.o(.text) for fputc
    printfa.o(i.__0printf) refers to ddl.o(.data) for __stdout
    printfa.o(i.__0snprintf) refers (Special) to iusefp.o(.text) for __I$use$fp
    printfa.o(i.__0snprintf) refers to printfa.o(i._printf_core) for _printf_core
    printfa.o(i.__0snprintf) refers to printfa.o(i._snputc) for _snputc
    printfa.o(i.__0sprintf) refers (Special) to iusefp.o(.text) for __I$use$fp
    printfa.o(i.__0sprintf) refers to printfa.o(i._printf_core) for _printf_core
    printfa.o(i.__0sprintf) refers to printfa.o(i._sputc) for _sputc
    printfa.o(i.__0vfprintf) refers (Special) to iusefp.o(.text) for __I$use$fp
    printfa.o(i.__0vfprintf) refers to printfa.o(i._printf_core) for _printf_core
    printfa.o(i.__0vfprintf) refers to main.o(.text) for fputc
    printfa.o(i.__0vprintf) refers (Special) to iusefp.o(.text) for __I$use$fp
    printfa.o(i.__0vprintf) refers to printfa.o(i._printf_core) for _printf_core
    printfa.o(i.__0vprintf) refers to main.o(.text) for fputc
    printfa.o(i.__0vprintf) refers to ddl.o(.data) for __stdout
    printfa.o(i.__0vsnprintf) refers (Special) to iusefp.o(.text) for __I$use$fp
    printfa.o(i.__0vsnprintf) refers to printfa.o(i._printf_core) for _printf_core
    printfa.o(i.__0vsnprintf) refers to printfa.o(i._snputc) for _snputc
    printfa.o(i.__0vsprintf) refers (Special) to iusefp.o(.text) for __I$use$fp
    printfa.o(i.__0vsprintf) refers to printfa.o(i._printf_core) for _printf_core
    printfa.o(i.__0vsprintf) refers to printfa.o(i._sputc) for _sputc
    printfa.o(i._fp_digits) refers (Special) to iusefp.o(.text) for __I$use$fp
    printfa.o(i._fp_digits) refers to dmul.o(.text) for __aeabi_dmul
    printfa.o(i._fp_digits) refers to ddiv.o(.text) for __aeabi_ddiv
    printfa.o(i._fp_digits) refers to cdrcmple.o(.text) for __aeabi_cdrcmple
    printfa.o(i._fp_digits) refers to dadd.o(.text) for __aeabi_dadd
    printfa.o(i._fp_digits) refers to dfixul.o(.text) for __aeabi_d2ulz
    printfa.o(i._fp_digits) refers to uldiv.o(.text) for __aeabi_uldivmod
    printfa.o(i._printf_core) refers (Special) to iusefp.o(.text) for __I$use$fp
    printfa.o(i._printf_core) refers to printfa.o(i._printf_pre_padding) for _printf_pre_padding
    printfa.o(i._printf_core) refers to uldiv.o(.text) for __aeabi_uldivmod
    printfa.o(i._printf_core) refers to printfa.o(i._printf_post_padding) for _printf_post_padding
    printfa.o(i._printf_core) refers to printfa.o(i._fp_digits) for _fp_digits
    printfa.o(i._printf_core) refers to uidiv.o(.text) for __aeabi_uidivmod
    printfa.o(i._printf_post_padding) refers (Special) to iusefp.o(.text) for __I$use$fp
    printfa.o(i._printf_pre_padding) refers (Special) to iusefp.o(.text) for __I$use$fp
    printfa.o(i._snputc) refers (Special) to iusefp.o(.text) for __I$use$fp
    printfa.o(i._sputc) refers (Special) to iusefp.o(.text) for __I$use$fp
    fadd.o(.text) refers (Special) to iusefp.o(.text) for __I$use$fp
    fadd.o(.text) refers to fepilogue.o(.text) for _float_epilogue
    fdiv.o(.text) refers (Special) to iusefp.o(.text) for __I$use$fp
    fdiv.o(.text) refers to fepilogue.o(.text) for _float_round
    ffltui.o(.text) refers (Special) to iusefp.o(.text) for __I$use$fp
    ffltui.o(.text) refers to fepilogue.o(.text) for _float_epilogue
    ffixui.o(.text) refers (Special) to iusefp.o(.text) for __I$use$fp
    entry2.o(.ARM.Collect$$$$00000001) refers to entry2.o(.ARM.Collect$$$$00002712) for __lit__00000000
    entry2.o(.ARM.Collect$$$$00002712) refers to startup_hc32l13x.o(STACK) for __initial_sp
    entry2.o(__vectab_stack_and_reset_area) refers to startup_hc32l13x.o(STACK) for __initial_sp
    entry2.o(__vectab_stack_and_reset_area) refers to entry.o(.ARM.Collect$$$$00000000) for __main
    entry5.o(.ARM.Collect$$$$00000004) refers to init.o(.text) for __scatterload
    entry9a.o(.ARM.Collect$$$$0000000B) refers to system_hc32l13x.o(.text) for main
    entry9b.o(.ARM.Collect$$$$0000000C) refers to system_hc32l13x.o(.text) for main
    uldiv.o(.text) refers to llushr.o(.text) for __aeabi_llsr
    uldiv.o(.text) refers to llshl.o(.text) for __aeabi_llsl
    dadd.o(.text) refers to llshl.o(.text) for __aeabi_llsl
    dadd.o(.text) refers to llsshr.o(.text) for __aeabi_lasr
    dadd.o(.text) refers to depilogue.o(.text) for _double_epilogue
    dmul.o(.text) refers to depilogue.o(.text) for _double_epilogue
    ddiv.o(.text) refers to depilogue.o(.text) for _double_round
    dfixul.o(.text) refers to llushr.o(.text) for __aeabi_llsr
    dfixul.o(.text) refers to llshl.o(.text) for __aeabi_llsl
    init.o(.text) refers to entry5.o(.ARM.Collect$$$$00000004) for __main_after_scatterload
    depilogue.o(.text) refers to depilogue.o(i.__ARM_clz) for __ARM_clz
    depilogue.o(.text) refers to llshl.o(.text) for __aeabi_llsl
    depilogue.o(.text) refers to llushr.o(.text) for __aeabi_llsr


==============================================================================

Removing Unused input sections from the image.

    Removing lcd.o(.rev16_text), (4 bytes).
    Removing lcd.o(.revsh_text), (4 bytes).
    Removing sc09.o(.rev16_text), (4 bytes).
    Removing sc09.o(.revsh_text), (4 bytes).
    Removing uart_pm.o(.rev16_text), (4 bytes).
    Removing uart_pm.o(.revsh_text), (4 bytes).
    Removing main.o(.rev16_text), (4 bytes).
    Removing main.o(.revsh_text), (4 bytes).
    Removing main.o(.bss), (12 bytes).
    Removing airbox.o(.rev16_text), (4 bytes).
    Removing airbox.o(.revsh_text), (4 bytes).
    Removing mcu_api.o(.rev16_text), (4 bytes).
    Removing mcu_api.o(.revsh_text), (4 bytes).
    Removing protocol.o(.rev16_text), (4 bytes).
    Removing protocol.o(.revsh_text), (4 bytes).
    Removing system.o(.rev16_text), (4 bytes).
    Removing system.o(.revsh_text), (4 bytes).
    Removing interrupts_hc32l13x.o(.rev16_text), (4 bytes).
    Removing interrupts_hc32l13x.o(.revsh_text), (4 bytes).
    Removing system_hc32l13x.o(.rev16_text), (4 bytes).
    Removing system_hc32l13x.o(.revsh_text), (4 bytes).
    Removing startup_hc32l13x.o(HEAP), (512 bytes).
    Removing ddl.o(.rev16_text), (4 bytes).
    Removing ddl.o(.revsh_text), (4 bytes).
    Removing gpio.o(.rev16_text), (4 bytes).
    Removing gpio.o(.revsh_text), (4 bytes).
    Removing i2c.o(.rev16_text), (4 bytes).
    Removing i2c.o(.revsh_text), (4 bytes).
    Removing sysctrl.o(.rev16_text), (4 bytes).
    Removing sysctrl.o(.revsh_text), (4 bytes).
    Removing uart.o(.rev16_text), (4 bytes).
    Removing uart.o(.revsh_text), (4 bytes).
    Removing lpuart.o(.rev16_text), (4 bytes).
    Removing lpuart.o(.revsh_text), (4 bytes).
    Removing timer3.o(.rev16_text), (4 bytes).
    Removing timer3.o(.revsh_text), (4 bytes).
    Removing timer3.o(.text), (4504 bytes).
    Removing bt.o(.rev16_text), (4 bytes).
    Removing bt.o(.revsh_text), (4 bytes).
    Removing flash.o(.rev16_text), (4 bytes).
    Removing flash.o(.revsh_text), (4 bytes).
    Removing wdt.o(.rev16_text), (4 bytes).
    Removing wdt.o(.revsh_text), (4 bytes).
    Removing dadd.o(.text), (356 bytes).
    Removing dmul.o(.text), (208 bytes).
    Removing ddiv.o(.text), (240 bytes).
    Removing dfixul.o(.text), (64 bytes).
    Removing cdrcmple.o(.text), (40 bytes).
    Removing depilogue.o(.text), (190 bytes).
    Removing depilogue.o(i.__ARM_clz), (46 bytes).

50 unused section(s) (total 6332 bytes) removed from the image.

==============================================================================

Image Symbol Table

    Local Symbols

    Symbol Name                              Value     Ov Type        Size  Object(Section)

    RESET                                    0x00000000   Section      192  startup_hc32l13x.o(RESET)
    ../clib/microlib/division.c              0x00000000   Number         0  uldiv.o ABSOLUTE
    ../clib/microlib/division.c              0x00000000   Number         0  idiv.o ABSOLUTE
    ../clib/microlib/division.c              0x00000000   Number         0  uidiv.o ABSOLUTE
    ../clib/microlib/init/entry.s            0x00000000   Number         0  entry.o ABSOLUTE
    ../clib/microlib/init/entry.s            0x00000000   Number         0  entry5.o ABSOLUTE
    ../clib/microlib/init/entry.s            0x00000000   Number         0  entry11b.o ABSOLUTE
    ../clib/microlib/init/entry.s            0x00000000   Number         0  entry10b.o ABSOLUTE
    ../clib/microlib/init/entry.s            0x00000000   Number         0  entry2.o ABSOLUTE
    ../clib/microlib/init/entry.s            0x00000000   Number         0  entry7a.o ABSOLUTE
    ../clib/microlib/init/entry.s            0x00000000   Number         0  entry10a.o ABSOLUTE
    ../clib/microlib/init/entry.s            0x00000000   Number         0  entry11a.o ABSOLUTE
    ../clib/microlib/init/entry.s            0x00000000   Number         0  entry7b.o ABSOLUTE
    ../clib/microlib/init/entry.s            0x00000000   Number         0  entry8a.o ABSOLUTE
    ../clib/microlib/init/entry.s            0x00000000   Number         0  entry8b.o ABSOLUTE
    ../clib/microlib/init/entry.s            0x00000000   Number         0  entry9a.o ABSOLUTE
    ../clib/microlib/init/entry.s            0x00000000   Number         0  entry9b.o ABSOLUTE
    ../clib/microlib/longlong.c              0x00000000   Number         0  llsshr.o ABSOLUTE
    ../clib/microlib/longlong.c              0x00000000   Number         0  llshl.o ABSOLUTE
    ../clib/microlib/longlong.c              0x00000000   Number         0  llushr.o ABSOLUTE
    ../clib/microlib/printf/printf.c         0x00000000   Number         0  printf8.o ABSOLUTE
    ../clib/microlib/printf/printf.c         0x00000000   Number         0  printfb.o ABSOLUTE
    ../clib/microlib/printf/printf.c         0x00000000   Number         0  printf4.o ABSOLUTE
    ../clib/microlib/printf/printf.c         0x00000000   Number         0  printfa.o ABSOLUTE
    ../clib/microlib/printf/printf.c         0x00000000   Number         0  printf0.o ABSOLUTE
    ../clib/microlib/printf/printf.c         0x00000000   Number         0  printf7.o ABSOLUTE
    ../clib/microlib/printf/printf.c         0x00000000   Number         0  printf6.o ABSOLUTE
    ../clib/microlib/printf/printf.c         0x00000000   Number         0  printf5.o ABSOLUTE
    ../clib/microlib/printf/printf.c         0x00000000   Number         0  printf3.o ABSOLUTE
    ../clib/microlib/printf/printf.c         0x00000000   Number         0  printf2.o ABSOLUTE
    ../clib/microlib/printf/printf.c         0x00000000   Number         0  printf1.o ABSOLUTE
    ../clib/microlib/printf/stubs.s          0x00000000   Number         0  stubs.o ABSOLUTE
    ../clib/microlib/string/memcpy.c         0x00000000   Number         0  memcpya.o ABSOLUTE
    ../clib/microlib/string/memcpy.c         0x00000000   Number         0  memcpyb.o ABSOLUTE
    ../clib/microlib/string/memset.c         0x00000000   Number         0  memseta.o ABSOLUTE
    ../clib/microlib/stubs.s                 0x00000000   Number         0  useno.o ABSOLUTE
    ../clib/microlib/stubs.s                 0x00000000   Number         0  iusefp.o ABSOLUTE
    ../fplib/microlib/fpadd.c                0x00000000   Number         0  dadd.o ABSOLUTE
    ../fplib/microlib/fpadd.c                0x00000000   Number         0  fadd.o ABSOLUTE
    ../fplib/microlib/fpdiv.c                0x00000000   Number         0  ddiv.o ABSOLUTE
    ../fplib/microlib/fpdiv.c                0x00000000   Number         0  fdiv.o ABSOLUTE
    ../fplib/microlib/fpepilogue.c           0x00000000   Number         0  depilogue.o ABSOLUTE
    ../fplib/microlib/fpepilogue.c           0x00000000   Number         0  fepilogue.o ABSOLUTE
    ../fplib/microlib/fpfix.c                0x00000000   Number         0  dfixul.o ABSOLUTE
    ../fplib/microlib/fpfix.c                0x00000000   Number         0  ffixui.o ABSOLUTE
    ../fplib/microlib/fpflt.c                0x00000000   Number         0  ffltui.o ABSOLUTE
    ../fplib/microlib/fpmul.c                0x00000000   Number         0  dmul.o ABSOLUTE
    ..\HARDWARE\lcd.c                        0x00000000   Number         0  lcd.o ABSOLUTE
    ..\HARDWARE\sc09.c                       0x00000000   Number         0  sc09.o ABSOLUTE
    ..\HARDWARE\uart_pm.c                    0x00000000   Number         0  uart_pm.o ABSOLUTE
    ..\\HARDWARE\\lcd.c                      0x00000000   Number         0  lcd.o ABSOLUTE
    ..\\HARDWARE\\sc09.c                     0x00000000   Number         0  sc09.o ABSOLUTE
    ..\\HARDWARE\\uart_pm.c                  0x00000000   Number         0  uart_pm.o ABSOLUTE
    ..\\common\\interrupts_hc32l13x.c        0x00000000   Number         0  interrupts_hc32l13x.o ABSOLUTE
    ..\\common\\system_hc32l13x.c            0x00000000   Number         0  system_hc32l13x.o ABSOLUTE
    ..\\driver\\src\\bt.c                    0x00000000   Number         0  bt.o ABSOLUTE
    ..\\driver\\src\\ddl.c                   0x00000000   Number         0  ddl.o ABSOLUTE
    ..\\driver\\src\\flash.c                 0x00000000   Number         0  flash.o ABSOLUTE
    ..\\driver\\src\\gpio.c                  0x00000000   Number         0  gpio.o ABSOLUTE
    ..\\driver\\src\\i2c.c                   0x00000000   Number         0  i2c.o ABSOLUTE
    ..\\driver\\src\\lpuart.c                0x00000000   Number         0  lpuart.o ABSOLUTE
    ..\\driver\\src\\sysctrl.c               0x00000000   Number         0  sysctrl.o ABSOLUTE
    ..\\driver\\src\\timer3.c                0x00000000   Number         0  timer3.o ABSOLUTE
    ..\\driver\\src\\uart.c                  0x00000000   Number         0  uart.o ABSOLUTE
    ..\\driver\\src\\wdt.c                   0x00000000   Number         0  wdt.o ABSOLUTE
    ..\\source\\airbox.c                     0x00000000   Number         0  airbox.o ABSOLUTE
    ..\\source\\main.c                       0x00000000   Number         0  main.o ABSOLUTE
    ..\\source\\mcu_api.c                    0x00000000   Number         0  mcu_api.o ABSOLUTE
    ..\\source\\protocol.c                   0x00000000   Number         0  protocol.o ABSOLUTE
    ..\\source\\system.c                     0x00000000   Number         0  system.o ABSOLUTE
    ..\common\interrupts_hc32l13x.c          0x00000000   Number         0  interrupts_hc32l13x.o ABSOLUTE
    ..\common\startup_hc32l13x.s             0x00000000   Number         0  startup_hc32l13x.o ABSOLUTE
    ..\common\system_hc32l13x.c              0x00000000   Number         0  system_hc32l13x.o ABSOLUTE
    ..\driver\src\bt.c                       0x00000000   Number         0  bt.o ABSOLUTE
    ..\driver\src\ddl.c                      0x00000000   Number         0  ddl.o ABSOLUTE
    ..\driver\src\flash.c                    0x00000000   Number         0  flash.o ABSOLUTE
    ..\driver\src\gpio.c                     0x00000000   Number         0  gpio.o ABSOLUTE
    ..\driver\src\i2c.c                      0x00000000   Number         0  i2c.o ABSOLUTE
    ..\driver\src\lpuart.c                   0x00000000   Number         0  lpuart.o ABSOLUTE
    ..\driver\src\sysctrl.c                  0x00000000   Number         0  sysctrl.o ABSOLUTE
    ..\driver\src\timer3.c                   0x00000000   Number         0  timer3.o ABSOLUTE
    ..\driver\src\uart.c                     0x00000000   Number         0  uart.o ABSOLUTE
    ..\driver\src\wdt.c                      0x00000000   Number         0  wdt.o ABSOLUTE
    ..\source\airbox.c                       0x00000000   Number         0  airbox.o ABSOLUTE
    ..\source\main.c                         0x00000000   Number         0  main.o ABSOLUTE
    ..\source\mcu_api.c                      0x00000000   Number         0  mcu_api.o ABSOLUTE
    ..\source\protocol.c                     0x00000000   Number         0  protocol.o ABSOLUTE
    ..\source\system.c                       0x00000000   Number         0  system.o ABSOLUTE
    cdrcmple.s                               0x00000000   Number         0  cdrcmple.o ABSOLUTE
    dc.s                                     0x00000000   Number         0  dc.o ABSOLUTE
    handlers.s                               0x00000000   Number         0  handlers.o ABSOLUTE
    init.s                                   0x00000000   Number         0  init.o ABSOLUTE
    .ARM.Collect$$$$00000000                 0x000000c0   Section        0  entry.o(.ARM.Collect$$$$00000000)
    .ARM.Collect$$$$00000001                 0x000000c0   Section        4  entry2.o(.ARM.Collect$$$$00000001)
    .ARM.Collect$$$$00000004                 0x000000c4   Section        4  entry5.o(.ARM.Collect$$$$00000004)
    .ARM.Collect$$$$00000008                 0x000000c8   Section        0  entry7b.o(.ARM.Collect$$$$00000008)
    .ARM.Collect$$$$0000000A                 0x000000c8   Section        0  entry8b.o(.ARM.Collect$$$$0000000A)
    .ARM.Collect$$$$0000000B                 0x000000c8   Section        8  entry9a.o(.ARM.Collect$$$$0000000B)
    .ARM.Collect$$$$0000000D                 0x000000d0   Section        0  entry10a.o(.ARM.Collect$$$$0000000D)
    .ARM.Collect$$$$0000000F                 0x000000d0   Section        0  entry11a.o(.ARM.Collect$$$$0000000F)
    .ARM.Collect$$$$00002712                 0x000000d0   Section        4  entry2.o(.ARM.Collect$$$$00002712)
    __lit__00000000                          0x000000d0   Data           4  entry2.o(.ARM.Collect$$$$00002712)
    .text                                    0x000000d4   Section        0  lcd.o(.text)
    LCD_write_english                        0x000007a5   Thumb Code    98  lcd.o(.text)
    .text                                    0x00001258   Section        0  sc09.o(.text)
    Hum_CRC_Check                            0x00001dc1   Thumb Code    72  sc09.o(.text)
    .text                                    0x00001ecc   Section        0  uart_pm.o(.text)
    .text                                    0x00002150   Section        0  main.o(.text)
    App_WdtInit                              0x00002239   Thumb Code    20  main.o(.text)
    .text                                    0x000027c0   Section        0  airbox.o(.text)
    .text                                    0x00002828   Section        0  mcu_api.o(.text)
    .text                                    0x00002ed8   Section        0  protocol.o(.text)
    report_mcu_ota_result                    0x00003165   Thumb Code    32  protocol.o(.text)
    .text                                    0x000032d4   Section        0  system.o(.text)
    seq_num_get                              0x000032d5   Thumb Code    32  system.o(.text)
    product_info_update                      0x000033bd   Thumb Code   124  system.o(.text)
    get_dowmload_dpid_index                  0x00003439   Thumb Code    40  system.o(.text)
    zigbee_data_point_handle                 0x00003461   Thumb Code    60  system.o(.text)
    Is_Leap_Year                             0x00003677   Thumb Code    54  system.o(.text)
    RTC_Get                                  0x000036ad   Thumb Code   286  system.o(.text)
    .text                                    0x000038c8   Section        0  interrupts_hc32l13x.o(.text)
    __NVIC_SetPriority                       0x00003a4d   Thumb Code   110  interrupts_hc32l13x.o(.text)
    .text                                    0x00003ac8   Section        0  system_hc32l13x.o(.text)
    _HidePinInit                             0x00003ad5   Thumb Code    24  system_hc32l13x.o(.text)
    .text                                    0x00003b40   Section       60  startup_hc32l13x.o(.text)
    .text                                    0x00003b7c   Section        0  ddl.o(.text)
    .text                                    0x00003ce4   Section        0  gpio.o(.text)
    .text                                    0x0000402c   Section        0  i2c.o(.text)
    .text                                    0x00004150   Section        0  sysctrl.o(.text)
    _SysctrlUnlock                           0x00004151   Thumb Code    12  sysctrl.o(.text)
    .text                                    0x0000480c   Section        0  uart.o(.text)
    .text                                    0x000049cc   Section        0  lpuart.o(.text)
    .text                                    0x00004bac   Section        0  bt.o(.text)
    .text                                    0x00005708   Section        0  flash.o(.text)
    .text                                    0x00005d88   Section        0  wdt.o(.text)
    .text                                    0x00005e20   Section        0  uidiv.o(.text)
    .text                                    0x00005e4c   Section        0  idiv.o(.text)
    .text                                    0x00005e74   Section        0  memcpya.o(.text)
    .text                                    0x00005e98   Section        0  memseta.o(.text)
    .text                                    0x00005ebc   Section        0  fadd.o(.text)
    .text                                    0x00005f6e   Section        0  fdiv.o(.text)
    .text                                    0x00005fea   Section        0  ffltui.o(.text)
    .text                                    0x00005ff8   Section        0  ffixui.o(.text)
    .text                                    0x00006020   Section        0  uldiv.o(.text)
    .text                                    0x00006080   Section        0  fepilogue.o(.text)
    .text                                    0x00006080   Section        0  iusefp.o(.text)
    .text                                    0x00006104   Section       36  init.o(.text)
    .text                                    0x00006128   Section        0  llshl.o(.text)
    .text                                    0x00006148   Section        0  llushr.o(.text)
    i.__0printf$8                            0x0000616c   Section        0  printf8.o(i.__0printf$8)
    i.__ARM_common_switch8                   0x0000618c   Section        0  main.o(i.__ARM_common_switch8)
    i.__scatterload_copy                     0x000061a8   Section       14  handlers.o(i.__scatterload_copy)
    i.__scatterload_null                     0x000061b6   Section        2  handlers.o(i.__scatterload_null)
    i.__scatterload_zeroinit                 0x000061b8   Section       14  handlers.o(i.__scatterload_zeroinit)
    i._printf_core                           0x000061c8   Section        0  printf8.o(i._printf_core)
    _printf_core                             0x000061c9   Thumb Code  1020  printf8.o(i._printf_core)
    i._printf_post_padding                   0x000065f0   Section        0  printf8.o(i._printf_post_padding)
    _printf_post_padding                     0x000065f1   Thumb Code    32  printf8.o(i._printf_post_padding)
    i._printf_pre_padding                    0x00006610   Section        0  printf8.o(i._printf_pre_padding)
    _printf_pre_padding                      0x00006611   Thumb Code    44  printf8.o(i._printf_pre_padding)
    .constdata                               0x0000663c   Section     9082  lcd.o(.constdata)
    .constdata                               0x000089b8   Section       20  protocol.o(.constdata)
    .constdata                               0x000089cc   Section       12  system.o(.constdata)
    .constdata                               0x000089d8   Section       24  sysctrl.o(.constdata)
    .constdata                               0x000089f0   Section        8  uart.o(.constdata)
    .constdata                               0x000089f8   Section       12  lpuart.o(.constdata)
    .constdata                               0x00008a04   Section       32  flash.o(.constdata)
    .data                                    0x20000000   Section      188  lcd.o(.data)
    .data                                    0x200000bc   Section        1  sc09.o(.data)
    .data                                    0x200000bd   Section        4  uart_pm.o(.data)
    .data                                    0x200000c4   Section       10  main.o(.data)
    modeTime                                 0x200000cc   Data           2  main.o(.data)
    .data                                    0x200000ce   Section       13  airbox.o(.data)
    .data                                    0x200000dc   Section        2  mcu_api.o(.data)
    rx_in                                    0x200000dc   Data           2  mcu_api.o(.data)
    .data                                    0x200000e0   Section        8  protocol.o(.data)
    .data                                    0x200000e8   Section       40  system.o(.data)
    global_seq_num                           0x20000108   Data           2  system.o(.data)
    dayCount                                 0x2000010c   Data           4  system.o(.data)
    .data                                    0x20000110   Section        4  system_hc32l13x.o(.data)
    .data                                    0x20000114   Section        4  ddl.o(.data)
    .data                                    0x20000118   Section        2  flash.o(.data)
    .bss                                     0x2000011c   Section       64  uart_pm.o(.bss)
    .bss                                     0x2000015c   Section      512  protocol.o(.bss)
    .bss                                     0x2000035c   Section      563  system.o(.bss)
    .bss                                     0x2000058f   Section      512  flash.o(.bss)
    STACK                                    0x20000790   Section      512  startup_hc32l13x.o(STACK)

    Global Symbols

    Symbol Name                              Value     Ov Type        Size  Object(Section)

    BuildAttributes$$THM_ISAv3M$S$PE$A:L22$X:L11$S22$IEEE1$IW$USESV6$~STKCKD$USESV7$~SHL$OTIME$ROPI$EBA8$MICROLIB$REQ8$PRES8$EABIv2 0x00000000   Number         0  anon$$obj.o ABSOLUTE
    __ARM_use_no_argv                        0x00000000   Number         0  main.o ABSOLUTE
    __Vectors                                0x00000000   Data           0  startup_hc32l13x.o(RESET)
    __use_no_errno                           0x00000000   Number         0  useno.o ABSOLUTE
    __use_no_exception_handling              0x00000000   Number         0  useno.o ABSOLUTE
    __use_no_fp                              0x00000000   Number         0  useno.o ABSOLUTE
    __use_no_heap                            0x00000000   Number         0  useno.o ABSOLUTE
    __use_no_heap_region                     0x00000000   Number         0  useno.o ABSOLUTE
    __use_no_semihosting                     0x00000000   Number         0  useno.o ABSOLUTE
    __use_no_semihosting_swi                 0x00000000   Number         0  useno.o ABSOLUTE
    __use_no_signal_handling                 0x00000000   Number         0  useno.o ABSOLUTE
    _printf_a                                0x00000000   Number         0  stubs.o ABSOLUTE
    _printf_c                                0x00000000   Number         0  stubs.o ABSOLUTE
    _printf_charcount                        0x00000000   Number         0  stubs.o ABSOLUTE
    _printf_d                                0x00000000   Number         0  stubs.o ABSOLUTE
    _printf_e                                0x00000000   Number         0  stubs.o ABSOLUTE
    _printf_f                                0x00000000   Number         0  stubs.o ABSOLUTE
    _printf_flags                            0x00000000   Number         0  stubs.o ABSOLUTE
    _printf_fp_dec                           0x00000000   Number         0  stubs.o ABSOLUTE
    _printf_fp_hex                           0x00000000   Number         0  stubs.o ABSOLUTE
    _printf_g                                0x00000000   Number         0  stubs.o ABSOLUTE
    _printf_i                                0x00000000   Number         0  stubs.o ABSOLUTE
    _printf_int_dec                          0x00000000   Number         0  stubs.o ABSOLUTE
    _printf_l                                0x00000000   Number         0  stubs.o ABSOLUTE
    _printf_lc                               0x00000000   Number         0  stubs.o ABSOLUTE
    _printf_ll                               0x00000000   Number         0  stubs.o ABSOLUTE
    _printf_lld                              0x00000000   Number         0  stubs.o ABSOLUTE
    _printf_lli                              0x00000000   Number         0  stubs.o ABSOLUTE
    _printf_llo                              0x00000000   Number         0  stubs.o ABSOLUTE
    _printf_llu                              0x00000000   Number         0  stubs.o ABSOLUTE
    _printf_llx                              0x00000000   Number         0  stubs.o ABSOLUTE
    _printf_longlong_dec                     0x00000000   Number         0  stubs.o ABSOLUTE
    _printf_longlong_hex                     0x00000000   Number         0  stubs.o ABSOLUTE
    _printf_longlong_oct                     0x00000000   Number         0  stubs.o ABSOLUTE
    _printf_ls                               0x00000000   Number         0  stubs.o ABSOLUTE
    _printf_mbtowc                           0x00000000   Number         0  stubs.o ABSOLUTE
    _printf_n                                0x00000000   Number         0  stubs.o ABSOLUTE
    _printf_o                                0x00000000   Number         0  stubs.o ABSOLUTE
    _printf_p                                0x00000000   Number         0  stubs.o ABSOLUTE
    _printf_percent                          0x00000000   Number         0  stubs.o ABSOLUTE
    _printf_pre_padding                      0x00000000   Number         0  stubs.o ABSOLUTE
    _printf_return_value                     0x00000000   Number         0  stubs.o ABSOLUTE
    _printf_s                                0x00000000   Number         0  stubs.o ABSOLUTE
    _printf_sizespec                         0x00000000   Number         0  stubs.o ABSOLUTE
    _printf_str                              0x00000000   Number         0  stubs.o ABSOLUTE
    _printf_truncate_signed                  0x00000000   Number         0  stubs.o ABSOLUTE
    _printf_truncate_unsigned                0x00000000   Number         0  stubs.o ABSOLUTE
    _printf_u                                0x00000000   Number         0  stubs.o ABSOLUTE
    _printf_wc                               0x00000000   Number         0  stubs.o ABSOLUTE
    _printf_wctomb                           0x00000000   Number         0  stubs.o ABSOLUTE
    _printf_widthprec                        0x00000000   Number         0  stubs.o ABSOLUTE
    _printf_x                                0x00000000   Number         0  stubs.o ABSOLUTE
    Adc_IRQHandler                            - Undefined Weak Reference
    ClkTrim_IRQHandler                        - Undefined Weak Reference
    Dmac_IRQHandler                           - Undefined Weak Reference
    Flash_IRQHandler                          - Undefined Weak Reference
    I2c0_IRQHandler                           - Undefined Weak Reference
    I2c1_IRQHandler                           - Undefined Weak Reference
    Lcd_IRQHandler                            - Undefined Weak Reference
    LpTim_IRQHandler                          - Undefined Weak Reference
    LpUart1_IRQHandler                        - Undefined Weak Reference
    Lvd_IRQHandler                            - Undefined Weak Reference
    Pca_IRQHandler                            - Undefined Weak Reference
    Pcnt_IRQHandler                           - Undefined Weak Reference
    PortA_IRQHandler                          - Undefined Weak Reference
    PortB_IRQHandler                          - Undefined Weak Reference
    PortC_IRQHandler                          - Undefined Weak Reference
    PortD_IRQHandler                          - Undefined Weak Reference
    Ram_IRQHandler                            - Undefined Weak Reference
    Rtc_IRQHandler                            - Undefined Weak Reference
    Spi0_IRQHandler                           - Undefined Weak Reference
    Spi1_IRQHandler                           - Undefined Weak Reference
    SysTick_IRQHandler                        - Undefined Weak Reference
    Tim1_IRQHandler                           - Undefined Weak Reference
    Tim2_IRQHandler                           - Undefined Weak Reference
    Tim3_IRQHandler                           - Undefined Weak Reference
    Tim4_IRQHandler                           - Undefined Weak Reference
    Tim5_IRQHandler                           - Undefined Weak Reference
    Tim6_IRQHandler                           - Undefined Weak Reference
    Uart0_IRQHandler                          - Undefined Weak Reference
    Vc0_IRQHandler                            - Undefined Weak Reference
    Vc1_IRQHandler                            - Undefined Weak Reference
    Wdt_IRQHandler                            - Undefined Weak Reference
    __cpp_initialize__aeabi_                  - Undefined Weak Reference
    __cxa_finalize                            - Undefined Weak Reference
    __decompress                              - Undefined Weak Reference
    _clock_init                               - Undefined Weak Reference
    _microlib_exit                            - Undefined Weak Reference
    __Vectors_End                            0x000000c0   Data           0  startup_hc32l13x.o(RESET)
    __Vectors_Size                           0x000000c0   Number         0  startup_hc32l13x.o ABSOLUTE
    __main                                   0x000000c1   Thumb Code     0  entry.o(.ARM.Collect$$$$00000000)
    _main_stk                                0x000000c1   Thumb Code     0  entry2.o(.ARM.Collect$$$$00000001)
    _main_scatterload                        0x000000c5   Thumb Code     0  entry5.o(.ARM.Collect$$$$00000004)
    __main_after_scatterload                 0x000000c9   Thumb Code     0  entry5.o(.ARM.Collect$$$$00000004)
    _main_clock                              0x000000c9   Thumb Code     0  entry7b.o(.ARM.Collect$$$$00000008)
    _main_cpp_init                           0x000000c9   Thumb Code     0  entry8b.o(.ARM.Collect$$$$0000000A)
    _main_init                               0x000000c9   Thumb Code     0  entry9a.o(.ARM.Collect$$$$0000000B)
    __rt_final_cpp                           0x000000d1   Thumb Code     0  entry10a.o(.ARM.Collect$$$$0000000D)
    __rt_final_exit                          0x000000d1   Thumb Code     0  entry11a.o(.ARM.Collect$$$$0000000F)
    LCD_WR_REG                               0x000000d5   Thumb Code   196  lcd.o(.text)
    LCD_WR_DATAX                             0x00000199   Thumb Code   184  lcd.o(.text)
    LCD_RD_DATA                              0x00000251   Thumb Code   570  lcd.o(.text)
    LCD_WriteReg                             0x0000048b   Thumb Code    20  lcd.o(.text)
    LCD_ReadReg                              0x0000049f   Thumb Code    16  lcd.o(.text)
    LCD_WriteRAM_Prepare                     0x000004af   Thumb Code     6  lcd.o(.text)
    LCD_WriteRAM                             0x000004b5   Thumb Code    12  lcd.o(.text)
    LCD_BGR2RGB                              0x000004c1   Thumb Code    28  lcd.o(.text)
    opt_delay                                0x000004dd   Thumb Code    14  lcd.o(.text)
    LCD_DisplayOn                            0x000004eb   Thumb Code    10  lcd.o(.text)
    LCD_DisplayOff                           0x000004f5   Thumb Code    10  lcd.o(.text)
    ST7789V_Init                             0x000004ff   Thumb Code   418  lcd.o(.text)
    LCD_WriteOneDot                          0x000006a1   Thumb Code    18  lcd.o(.text)
    Lcd_SetBox                               0x000006b3   Thumb Code   106  lcd.o(.text)
    LCD_Draw_Point                           0x0000071d   Thumb Code    28  lcd.o(.text)
    LCD_Clear                                0x00000739   Thumb Code    40  lcd.o(.text)
    DATAOUT                                  0x00000761   Thumb Code    34  lcd.o(.text)
    getLCDID                                 0x00000783   Thumb Code    34  lcd.o(.text)
    LCD_write_english_string                 0x00000807   Thumb Code    64  lcd.o(.text)
    LCD_Picture                              0x00000847   Thumb Code    58  lcd.o(.text)
    LCD_ShowChar                             0x00000881   Thumb Code   196  lcd.o(.text)
    LCD_TEST                                 0x00000945   Thumb Code    84  lcd.o(.text)
    LCD_ShowChar_CH                          0x00000999   Thumb Code   240  lcd.o(.text)
    LCD_ShowString                           0x00000a89   Thumb Code    18  lcd.o(.text)
    LCD_rectangle                            0x00000a9b   Thumb Code    72  lcd.o(.text)
    LCD_ShowPM                               0x00000ae3   Thumb Code   232  lcd.o(.text)
    LCD_ShowNUM                              0x00000bcb   Thumb Code   208  lcd.o(.text)
    Clear_Part                               0x00000c9b   Thumb Code    42  lcd.o(.text)
    LCD_ShowPicture                          0x00000cc5   Thumb Code   152  lcd.o(.text)
    CO2_Show_Handler                         0x00000d5d   Thumb Code   222  lcd.o(.text)
    PM_Show_Handler                          0x00000e3b   Thumb Code   226  lcd.o(.text)
    TemAndHum_Show_Handler                   0x00000f1d   Thumb Code   214  lcd.o(.text)
    RTC_Show_Handler                         0x00000ff3   Thumb Code   550  lcd.o(.text)
    Net_Handler                              0x00001219   Thumb Code    56  lcd.o(.text)
    sc09_io_init                             0x00001259   Thumb Code    88  sc09.o(.text)
    Delay                                    0x000012b1   Thumb Code    22  sc09.o(.text)
    I2C_Start                                0x000012c7   Thumb Code   120  sc09.o(.text)
    CO2_I2C_Start                            0x0000133f   Thumb Code   116  sc09.o(.text)
    SendByteAndGetNACK                       0x000013b3   Thumb Code   268  sc09.o(.text)
    I2C_Stop                                 0x000014bf   Thumb Code    98  sc09.o(.text)
    IIC_Wait_Ack                             0x00001521   Thumb Code   112  sc09.o(.text)
    CO2_I2C_Stop                             0x00001591   Thumb Code    96  sc09.o(.text)
    CO2_IIC_Wait_Ack                         0x000015f1   Thumb Code   120  sc09.o(.text)
    IIC_Ack                                  0x00001669   Thumb Code   100  sc09.o(.text)
    CO2_IIC_Ack                              0x000016cd   Thumb Code    78  sc09.o(.text)
    IIC_NAck                                 0x0000171b   Thumb Code    98  sc09.o(.text)
    CO2_IIC_NAck                             0x0000177d   Thumb Code    80  sc09.o(.text)
    IIC_Send_Byte                            0x000017cd   Thumb Code   126  sc09.o(.text)
    CO2_IIC_Send_Byte                        0x0000184b   Thumb Code   106  sc09.o(.text)
    IIC_Read_Byte                            0x000018b5   Thumb Code   122  sc09.o(.text)
    CO2_IIC_Read_Byte                        0x0000192f   Thumb Code   108  sc09.o(.text)
    I2C_Respond                              0x0000199b   Thumb Code   138  sc09.o(.text)
    I2C_Receive8Bit                          0x00001a25   Thumb Code   140  sc09.o(.text)
    SC09B_Init_Function                      0x00001ab1   Thumb Code     2  sc09.o(.text)
    I2C_Write_To_Device                      0x00001ab3   Thumb Code    80  sc09.o(.text)
    I2C_Simple_Read_From_Device              0x00001b03   Thumb Code   106  sc09.o(.text)
    I2C_Read_From_Device                     0x00001b6d   Thumb Code   122  sc09.o(.text)
    AT24CXX_ReadOneByte                      0x00001be7   Thumb Code   140  sc09.o(.text)
    CO2_CRC                                  0x00001c73   Thumb Code    54  sc09.o(.text)
    CO2_ReadBytes                            0x00001ca9   Thumb Code   112  sc09.o(.text)
    Humiture_send_Bytes                      0x00001d19   Thumb Code    54  sc09.o(.text)
    Humiture_Single_Shot                     0x00001d4f   Thumb Code   114  sc09.o(.text)
    SHT30_Read                               0x00001e09   Thumb Code   148  sc09.o(.text)
    App_PM_PortInit                          0x00001ecd   Thumb Code    72  uart_pm.o(.text)
    App_Uart_PMCfg                           0x00001f15   Thumb Code    90  uart_pm.o(.text)
    Uart_Crc                                 0x00001f6f   Thumb Code    48  uart_pm.o(.text)
    Uart_Receive_Data_Handler                0x00001f9f   Thumb Code   288  uart_pm.o(.text)
    LpUart0_IRQHandler                       0x000020bf   Thumb Code   100  uart_pm.o(.text)
    App_Timer0Cfg                            0x00002151   Thumb Code   114  main.o(.text)
    Tim0_IRQHandler                          0x000021c3   Thumb Code   118  main.o(.text)
    Gpio_Init_STmode                         0x0000224d   Thumb Code   352  main.o(.text)
    App_UartCfg                              0x000023ad   Thumb Code   100  main.o(.text)
    App_UartPortInit                         0x00002411   Thumb Code    72  main.o(.text)
    User_SetRchTrim                          0x00002459   Thumb Code    92  main.o(.text)
    $Super$$main                             0x000024b5   Thumb Code   214  main.o(.text)
    fputc                                    0x0000258b   Thumb Code     2  main.o(.text)
    AppUart_PrintInit                        0x0000258d   Thumb Code   124  main.o(.text)
    App_I2cPortInit                          0x00002609   Thumb Code    74  main.o(.text)
    App_I2cCfg                               0x00002653   Thumb Code    50  main.o(.text)
    I2C_MasterReadData                       0x00002685   Thumb Code   266  main.o(.text)
    Uart1_IRQHandler                         0x0000278f   Thumb Code    36  main.o(.text)
    CO2_Get_data                             0x000027c1   Thumb Code     6  airbox.o(.text)
    CO2_Get_Status                           0x000027c7   Thumb Code     6  airbox.o(.text)
    CO2_Set_data                             0x000027cd   Thumb Code     6  airbox.o(.text)
    CO2_Set_Status                           0x000027d3   Thumb Code     6  airbox.o(.text)
    PM_Get_data                              0x000027d9   Thumb Code     6  airbox.o(.text)
    PM_Get_Status                            0x000027df   Thumb Code     6  airbox.o(.text)
    PM_Set_Status                            0x000027e5   Thumb Code     6  airbox.o(.text)
    PM_Set_data                              0x000027eb   Thumb Code     6  airbox.o(.text)
    Updata_Zigbee_data                       0x000027f1   Thumb Code     8  airbox.o(.text)
    TEM_Get_data                             0x000027f9   Thumb Code     8  airbox.o(.text)
    TEM_Set_data                             0x00002801   Thumb Code     6  airbox.o(.text)
    HUM_Get_data                             0x00002807   Thumb Code     6  airbox.o(.text)
    HUM_Set_data                             0x0000280d   Thumb Code     6  airbox.o(.text)
    Net_Get_State                            0x00002813   Thumb Code     6  airbox.o(.text)
    Net_Set_State                            0x00002819   Thumb Code     6  airbox.o(.text)
    hex_to_bcd                               0x00002829   Thumb Code   108  mcu_api.o(.text)
    my_strlen                                0x00002895   Thumb Code    28  mcu_api.o(.text)
    my_memset                                0x000028b1   Thumb Code    34  mcu_api.o(.text)
    my_memcpy                                0x000028d3   Thumb Code    76  mcu_api.o(.text)
    my_strcpy                                0x0000291f   Thumb Code    24  mcu_api.o(.text)
    my_strcmp                                0x00002937   Thumb Code    36  mcu_api.o(.text)
    int_to_byte                              0x0000295b   Thumb Code    20  mcu_api.o(.text)
    byte_to_int                              0x0000296f   Thumb Code    26  mcu_api.o(.text)
    mcu_dp_bool_update                       0x00002989   Thumb Code    86  mcu_api.o(.text)
    mcu_dp_enum_update                       0x000029df   Thumb Code    70  mcu_api.o(.text)
    mcu_dp_bitmap_update                     0x00002a25   Thumb Code   178  mcu_api.o(.text)
    mcu_dp_fault_update                      0x00002ad7   Thumb Code   178  mcu_api.o(.text)
    mcu_dp_raw_update                        0x00002b89   Thumb Code    94  mcu_api.o(.text)
    mcu_dp_string_update                     0x00002be7   Thumb Code    94  mcu_api.o(.text)
    mcu_dp_value_update                      0x00002c45   Thumb Code   104  mcu_api.o(.text)
    mcu_get_dp_download_bool                 0x00002cad   Thumb Code     6  mcu_api.o(.text)
    mcu_get_dp_download_enum                 0x00002cb3   Thumb Code     6  mcu_api.o(.text)
    mcu_get_dp_download_value                0x00002cb9   Thumb Code    14  mcu_api.o(.text)
    mcu_start_zigbee_test                    0x00002cc7   Thumb Code    18  mcu_api.o(.text)
    mcu_reset_zigbee                         0x00002cd9   Thumb Code    24  mcu_api.o(.text)
    mcu_network_start                        0x00002cf1   Thumb Code    24  mcu_api.o(.text)
    uart_receive_input                       0x00002d09   Thumb Code    74  mcu_api.o(.text)
    zigbee_protocol_init                     0x00002d53   Thumb Code    12  mcu_api.o(.text)
    Queue_Read_Byte                          0x00002d5f   Thumb Code    46  mcu_api.o(.text)
    with_data_rxbuff                         0x00002d8d   Thumb Code    20  mcu_api.o(.text)
    zigbee_uart_service                      0x00002da1   Thumb Code   304  mcu_api.o(.text)
    uart_transmit_output                     0x00002ed9   Thumb Code    14  protocol.o(.text)
    all_data_update                          0x00002ee7   Thumb Code    96  protocol.o(.text)
    mcu_write_rtctime                        0x00002f47   Thumb Code    20  protocol.o(.text)
    zigbee_test_result                       0x00002f5b   Thumb Code     6  protocol.o(.text)
    dp_download_handle                       0x00002f61   Thumb Code    10  protocol.o(.text)
    get_download_cmd_total                   0x00002f6b   Thumb Code     4  protocol.o(.text)
    zigbee_work_state_event                  0x00002f6f   Thumb Code    68  protocol.o(.text)
    mcu_reset_zigbee_event                   0x00002fb3   Thumb Code    20  protocol.o(.text)
    response_mcu_ota_version_event           0x00002fc7   Thumb Code    30  protocol.o(.text)
    response_mcu_ota_notify_event            0x00002fe5   Thumb Code   204  protocol.o(.text)
    reveived_mcu_ota_data_handle             0x000030b1   Thumb Code    36  protocol.o(.text)
    ota_fw_data_handle                       0x000030d5   Thumb Code   144  protocol.o(.text)
    mcu_ota_fw_request_event                 0x00003185   Thumb Code   284  protocol.o(.text)
    mcu_ota_result_event                     0x000032a1   Thumb Code    16  protocol.o(.text)
    set_zigbee_uart_byte                     0x000032f5   Thumb Code    12  system.o(.text)
    set_zigbee_uart_buffer                   0x00003301   Thumb Code    30  system.o(.text)
    zigbee_uart_write_data                   0x0000331f   Thumb Code    40  system.o(.text)
    get_check_sum                            0x00003347   Thumb Code    28  system.o(.text)
    zigbee_uart_write_frame                  0x00003363   Thumb Code    90  system.o(.text)
    mcu_ota_fw_request                       0x0000349d   Thumb Code   110  system.o(.text)
    data_handle                              0x0000350b   Thumb Code   292  system.o(.text)
    mcu_exit_zigbee                          0x0000362f   Thumb Code    24  system.o(.text)
    mcu_join_zigbee                          0x00003647   Thumb Code    24  system.o(.text)
    mcu_get_zigbee_state                     0x0000365f   Thumb Code    12  system.o(.text)
    mcu_get_system_time                      0x0000366b   Thumb Code    12  system.o(.text)
    zigbee_timestamp_to_time                 0x000037cb   Thumb Code    20  system.o(.text)
    current_mcu_fw_pid                       0x000037df   Thumb Code    22  system.o(.text)
    assic_to_hex                             0x000037f5   Thumb Code    28  system.o(.text)
    get_current_mcu_fw_ver                   0x00003811   Thumb Code    42  system.o(.text)
    mcu_ota_result_report                    0x0000383b   Thumb Code    62  system.o(.text)
    strcmp_barry                             0x00003879   Thumb Code    50  system.o(.text)
    EnableNvic                               0x000038c9   Thumb Code   104  interrupts_hc32l13x.o(.text)
    HardFault_Handler                        0x00003931   Thumb Code    16  interrupts_hc32l13x.o(.text)
    SysTick_Handler                          0x00003941   Thumb Code     8  interrupts_hc32l13x.o(.text)
    PORTA_IRQHandler                         0x00003949   Thumb Code     8  interrupts_hc32l13x.o(.text)
    PORTB_IRQHandler                         0x00003951   Thumb Code     8  interrupts_hc32l13x.o(.text)
    PORTC_IRQHandler                         0x00003959   Thumb Code     8  interrupts_hc32l13x.o(.text)
    PORTD_IRQHandler                         0x00003961   Thumb Code     8  interrupts_hc32l13x.o(.text)
    DMAC_IRQHandler                          0x00003969   Thumb Code     8  interrupts_hc32l13x.o(.text)
    TIM3_IRQHandler                          0x00003971   Thumb Code     8  interrupts_hc32l13x.o(.text)
    UART0_IRQHandler                         0x00003979   Thumb Code     8  interrupts_hc32l13x.o(.text)
    UART1_IRQHandler                         0x00003981   Thumb Code     8  interrupts_hc32l13x.o(.text)
    LPUART0_IRQHandler                       0x00003989   Thumb Code     8  interrupts_hc32l13x.o(.text)
    LPUART1_IRQHandler                       0x00003991   Thumb Code     8  interrupts_hc32l13x.o(.text)
    SPI0_IRQHandler                          0x00003999   Thumb Code     8  interrupts_hc32l13x.o(.text)
    SPI1_IRQHandler                          0x000039a1   Thumb Code     8  interrupts_hc32l13x.o(.text)
    I2C0_IRQHandler                          0x000039a9   Thumb Code     8  interrupts_hc32l13x.o(.text)
    I2C1_IRQHandler                          0x000039b1   Thumb Code     8  interrupts_hc32l13x.o(.text)
    TIM0_IRQHandler                          0x000039b9   Thumb Code     8  interrupts_hc32l13x.o(.text)
    TIM1_IRQHandler                          0x000039c1   Thumb Code     8  interrupts_hc32l13x.o(.text)
    TIM2_IRQHandler                          0x000039c9   Thumb Code     8  interrupts_hc32l13x.o(.text)
    LPTIM_IRQHandler                         0x000039d1   Thumb Code     8  interrupts_hc32l13x.o(.text)
    TIM4_IRQHandler                          0x000039d9   Thumb Code     8  interrupts_hc32l13x.o(.text)
    TIM5_IRQHandler                          0x000039e1   Thumb Code     8  interrupts_hc32l13x.o(.text)
    TIM6_IRQHandler                          0x000039e9   Thumb Code     8  interrupts_hc32l13x.o(.text)
    PCA_IRQHandler                           0x000039f1   Thumb Code     8  interrupts_hc32l13x.o(.text)
    WDT_IRQHandler                           0x000039f9   Thumb Code     8  interrupts_hc32l13x.o(.text)
    RTC_IRQHandler                           0x00003a01   Thumb Code     8  interrupts_hc32l13x.o(.text)
    ADC_IRQHandler                           0x00003a09   Thumb Code     8  interrupts_hc32l13x.o(.text)
    PCNT_IRQHandler                          0x00003a11   Thumb Code     8  interrupts_hc32l13x.o(.text)
    VC0_IRQHandler                           0x00003a19   Thumb Code     8  interrupts_hc32l13x.o(.text)
    VC1_IRQHandler                           0x00003a21   Thumb Code     8  interrupts_hc32l13x.o(.text)
    LVD_IRQHandler                           0x00003a29   Thumb Code     8  interrupts_hc32l13x.o(.text)
    LCD_IRQHandler                           0x00003a31   Thumb Code     8  interrupts_hc32l13x.o(.text)
    FLASH_RAM_IRQHandler                     0x00003a39   Thumb Code    12  interrupts_hc32l13x.o(.text)
    CLKTRIM_IRQHandler                       0x00003a45   Thumb Code     8  interrupts_hc32l13x.o(.text)
    SystemCoreClockUpdate                    0x00003ac9   Thumb Code    12  system_hc32l13x.o(.text)
    SystemInit                               0x00003aed   Thumb Code    56  system_hc32l13x.o(.text)
    main                                     0x00003b25   Thumb Code    14  system_hc32l13x.o(.text)
    Reset_Handler                            0x00003b41   Thumb Code    26  startup_hc32l13x.o(.text)
    NMI_Handler                              0x00003b5b   Thumb Code     2  startup_hc32l13x.o(.text)
    SVC_Handler                              0x00003b5f   Thumb Code     2  startup_hc32l13x.o(.text)
    PendSV_Handler                           0x00003b61   Thumb Code     2  startup_hc32l13x.o(.text)
    Log2                                     0x00003b7d   Thumb Code    24  ddl.o(.text)
    ddl_memclr                               0x00003b95   Thumb Code    32  ddl.o(.text)
    DDL_WAIT_LOOP_HOOK                       0x00003bb5   Thumb Code     2  ddl.o(.text)
    Debug_UartInit                           0x00003bb7   Thumb Code     2  ddl.o(.text)
    Debug_Output                             0x00003bb9   Thumb Code     2  ddl.o(.text)
    _sys_exit                                0x00003bbb   Thumb Code     4  ddl.o(.text)
    _ttywrch                                 0x00003bbf   Thumb Code     2  ddl.o(.text)
    __backspace                              0x00003bc1   Thumb Code     4  ddl.o(.text)
    delay1ms                                 0x00003bc5   Thumb Code    76  ddl.o(.text)
    delay100us                               0x00003c11   Thumb Code    74  ddl.o(.text)
    delay10us                                0x00003c5b   Thumb Code    74  ddl.o(.text)
    SetBit                                   0x00003ca5   Thumb Code    30  ddl.o(.text)
    GetBit                                   0x00003cc3   Thumb Code    12  ddl.o(.text)
    Gpio_Init                                0x00003ce5   Thumb Code   130  gpio.o(.text)
    Gpio_GetInputIO                          0x00003d67   Thumb Code    20  gpio.o(.text)
    Gpio_GetInputData                        0x00003d7b   Thumb Code    14  gpio.o(.text)
    Gpio_WriteOutputIO                       0x00003d89   Thumb Code    26  gpio.o(.text)
    Gpio_ReadOutputIO                        0x00003da3   Thumb Code    20  gpio.o(.text)
    Gpio_SetPort                             0x00003db7   Thumb Code    14  gpio.o(.text)
    Gpio_SetIO                               0x00003dc5   Thumb Code    24  gpio.o(.text)
    Gpio_ClrPort                             0x00003ddd   Thumb Code    14  gpio.o(.text)
    Gpio_ClrIO                               0x00003deb   Thumb Code    24  gpio.o(.text)
    Gpio_SetClrPort                          0x00003e03   Thumb Code    14  gpio.o(.text)
    Gpio_SetAnalogMode                       0x00003e11   Thumb Code    22  gpio.o(.text)
    Gpio_SetAfMode                           0x00003e27   Thumb Code    16  gpio.o(.text)
    Gpio_EnableIrq                           0x00003e37   Thumb Code    32  gpio.o(.text)
    Gpio_DisableIrq                          0x00003e57   Thumb Code    32  gpio.o(.text)
    Gpio_GetIrqStatus                        0x00003e77   Thumb Code    20  gpio.o(.text)
    Gpio_ClearIrq                            0x00003e8b   Thumb Code    24  gpio.o(.text)
    Gpio_SfIrqModeCfg                        0x00003ea3   Thumb Code    24  gpio.o(.text)
    Gpio_SfIrPolCfg                          0x00003ebb   Thumb Code    30  gpio.o(.text)
    Gpio_SfHClkOutputCfg                     0x00003ed9   Thumb Code    56  gpio.o(.text)
    Gpio_SfPClkOutputCfg                     0x00003f11   Thumb Code    56  gpio.o(.text)
    Gpio_SfExtClkCfg                         0x00003f49   Thumb Code    24  gpio.o(.text)
    Gpio_SfSsnCfg                            0x00003f61   Thumb Code    54  gpio.o(.text)
    Gpio_SfTimGCfg                           0x00003f97   Thumb Code    34  gpio.o(.text)
    Gpio_SfTimEConfig                        0x00003fb9   Thumb Code    34  gpio.o(.text)
    Gpio_SfTimCCfg                           0x00003fdb   Thumb Code    34  gpio.o(.text)
    Gpio_SfPcaCfg                            0x00003ffd   Thumb Code    34  gpio.o(.text)
    I2C_SetBaud                              0x0000402d   Thumb Code    10  i2c.o(.text)
    I2C_SetFunc                              0x00004037   Thumb Code    26  i2c.o(.text)
    I2C_ClearFunc                            0x00004051   Thumb Code    26  i2c.o(.text)
    I2C_GetIrq                               0x0000406b   Thumb Code    20  i2c.o(.text)
    I2C_ClearIrq                             0x0000407f   Thumb Code    16  i2c.o(.text)
    I2C_GetState                             0x0000408f   Thumb Code    10  i2c.o(.text)
    I2C_WriteByte                            0x00004099   Thumb Code    10  i2c.o(.text)
    I2C_ReadByte                             0x000040a3   Thumb Code    10  i2c.o(.text)
    I2C_Init                                 0x000040ad   Thumb Code   156  i2c.o(.text)
    Sysctrl_ClkSourceEnable                  0x0000415d   Thumb Code   352  sysctrl.o(.text)
    Sysctrl_XTHDriverCfg                     0x000042bd   Thumb Code    24  sysctrl.o(.text)
    Sysctrl_XTLDriverCfg                     0x000042d5   Thumb Code    46  sysctrl.o(.text)
    Sysctrl_SetXTHStableTime                 0x00004303   Thumb Code    28  sysctrl.o(.text)
    Sysctrl_SetRCLStableTime                 0x0000431f   Thumb Code    32  sysctrl.o(.text)
    Sysctrl_SetXTLStableTime                 0x0000433f   Thumb Code    28  sysctrl.o(.text)
    Sysctrl_SetPLLStableTime                 0x0000435b   Thumb Code    32  sysctrl.o(.text)
    Sysctrl_SysClkSwitch                     0x0000437b   Thumb Code    40  sysctrl.o(.text)
    Sysctrl_GetHClkFreq                      0x000043a3   Thumb Code   354  sysctrl.o(.text)
    Sysctrl_GetPClkFreq                      0x00004505   Thumb Code    28  sysctrl.o(.text)
    Sysctrl_SetPCLKDiv                       0x00004521   Thumb Code    68  sysctrl.o(.text)
    Sysctrl_SetHCLKDiv                       0x00004565   Thumb Code    36  sysctrl.o(.text)
    Sysctrl_ClkInit                          0x00004589   Thumb Code   106  sysctrl.o(.text)
    Sysctrl_SetRCHTrim                       0x000045f3   Thumb Code    32  sysctrl.o(.text)
    Sysctrl_ClkDeInit                        0x00004613   Thumb Code    72  sysctrl.o(.text)
    Sysctrl_SetXTHFreq                       0x0000465b   Thumb Code    28  sysctrl.o(.text)
    Sysctrl_SetPLLFreq                       0x00004677   Thumb Code   258  sysctrl.o(.text)
    Sysctrl_SetRCLTrim                       0x00004779   Thumb Code    32  sysctrl.o(.text)
    Sysctrl_SetPeripheralGate                0x00004799   Thumb Code    22  sysctrl.o(.text)
    Sysctrl_GetPeripheralGate                0x000047af   Thumb Code    16  sysctrl.o(.text)
    Sysctrl_SetFunc                          0x000047bf   Thumb Code    26  sysctrl.o(.text)
    Sysctrl_SetRTCAdjustClkFreq              0x000047d9   Thumb Code    36  sysctrl.o(.text)
    Uart_EnableIrq                           0x0000480d   Thumb Code    20  uart.o(.text)
    Uart_DisableIrq                          0x00004821   Thumb Code    20  uart.o(.text)
    Uart_SetMultiMode                        0x00004835   Thumb Code    34  uart.o(.text)
    Uart_SetTb8                              0x00004857   Thumb Code    20  uart.o(.text)
    Uart_GetRb8                              0x0000486b   Thumb Code    10  uart.o(.text)
    Uart_SetSaddr                            0x00004875   Thumb Code     8  uart.o(.text)
    Uart_EnableFunc                          0x0000487d   Thumb Code    20  uart.o(.text)
    Uart_DisableFunc                         0x00004891   Thumb Code    20  uart.o(.text)
    Uart_GetIsr                              0x000048a5   Thumb Code     8  uart.o(.text)
    Uart_GetStatus                           0x000048ad   Thumb Code    24  uart.o(.text)
    Uart_ClrIsr                              0x000048c5   Thumb Code     8  uart.o(.text)
    Uart_ClrStatus                           0x000048cd   Thumb Code    22  uart.o(.text)
    Uart_SendDataPoll                        0x000048e3   Thumb Code    58  uart.o(.text)
    Uart_SendDataIt                          0x0000491d   Thumb Code    18  uart.o(.text)
    Uart_ReceiveData                         0x0000492f   Thumb Code     8  uart.o(.text)
    Uart_Init                                0x00004937   Thumb Code   144  uart.o(.text)
    LPUart_EnableIrq                         0x000049cd   Thumb Code    20  lpuart.o(.text)
    LPUart_DisableIrq                        0x000049e1   Thumb Code    20  lpuart.o(.text)
    LPUart_SelSclk                           0x000049f5   Thumb Code    28  lpuart.o(.text)
    LPUart_SetMultiMode                      0x00004a11   Thumb Code    34  lpuart.o(.text)
    LPUart_SetTb8                            0x00004a33   Thumb Code    20  lpuart.o(.text)
    LPUart_GetRb8                            0x00004a47   Thumb Code    10  lpuart.o(.text)
    LPUart_SetSaddr                          0x00004a51   Thumb Code     8  lpuart.o(.text)
    LPUart_EnableFunc                        0x00004a59   Thumb Code    20  lpuart.o(.text)
    LPUart_DisableFunc                       0x00004a6d   Thumb Code    20  lpuart.o(.text)
    LPUart_GetIsr                            0x00004a81   Thumb Code     8  lpuart.o(.text)
    LPUart_GetStatus                         0x00004a89   Thumb Code    24  lpuart.o(.text)
    LPUart_ClrIsr                            0x00004aa1   Thumb Code     8  lpuart.o(.text)
    LPUart_ClrStatus                         0x00004aa9   Thumb Code    22  lpuart.o(.text)
    LPUart_SendData                          0x00004abf   Thumb Code    58  lpuart.o(.text)
    LPUart_SendDataIt                        0x00004af9   Thumb Code    18  lpuart.o(.text)
    LPUart_ReceiveData                       0x00004b0b   Thumb Code     8  lpuart.o(.text)
    LPUart_Init                              0x00004b13   Thumb Code   148  lpuart.o(.text)
    Bt_GetIntFlag                            0x00004bad   Thumb Code    24  bt.o(.text)
    Bt_ClearIntFlag                          0x00004bc5   Thumb Code    22  bt.o(.text)
    Bt_ClearAllIntFlag                       0x00004bdb   Thumb Code    18  bt.o(.text)
    Bt_Mode0_EnableIrq                       0x00004bed   Thumb Code    24  bt.o(.text)
    Bt_Mode0_DisableIrq                      0x00004c05   Thumb Code    22  bt.o(.text)
    Bt_Mode1_EnableIrq                       0x00004c1b   Thumb Code    60  bt.o(.text)
    Bt_Mode1_DisableIrq                      0x00004c57   Thumb Code    56  bt.o(.text)
    Bt_Mode23_EnableIrq                      0x00004c8f   Thumb Code   118  bt.o(.text)
    Bt_Mode23_DisableIrq                     0x00004d05   Thumb Code   108  bt.o(.text)
    Bt_Mode0_Init                            0x00004d71   Thumb Code   148  bt.o(.text)
    Bt_M0_Run                                0x00004e05   Thumb Code    24  bt.o(.text)
    Bt_M0_Stop                               0x00004e1d   Thumb Code    22  bt.o(.text)
    Bt_M0_EnTOG_Output                       0x00004e33   Thumb Code    30  bt.o(.text)
    Bt_M0_Enable_Output                      0x00004e51   Thumb Code    32  bt.o(.text)
    Bt_M0_Cnt16Set                           0x00004e71   Thumb Code    26  bt.o(.text)
    Bt_M0_Cnt16Get                           0x00004e8b   Thumb Code    18  bt.o(.text)
    Bt_M0_ARRSet                             0x00004e9d   Thumb Code    26  bt.o(.text)
    Bt_M0_Cnt32Set                           0x00004eb7   Thumb Code    18  bt.o(.text)
    Bt_M0_Cnt32Get                           0x00004ec9   Thumb Code    16  bt.o(.text)
    Bt_Mode1_Init                            0x00004ed9   Thumb Code    90  bt.o(.text)
    Bt_M1_Input_Cfg                          0x00004f33   Thumb Code   154  bt.o(.text)
    Bt_M1_PWC_Edge_Sel                       0x00004fcd   Thumb Code   126  bt.o(.text)
    Bt_M1_Run                                0x0000504b   Thumb Code    24  bt.o(.text)
    Bt_M1_Stop                               0x00005063   Thumb Code    22  bt.o(.text)
    Bt_M1_Cnt16Set                           0x00005079   Thumb Code    26  bt.o(.text)
    Bt_M1_Cnt16Get                           0x00005093   Thumb Code    18  bt.o(.text)
    Bt_M1_PWC_CapValueGet                    0x000050a5   Thumb Code    18  bt.o(.text)
    Bt_Mode23_Init                           0x000050b7   Thumb Code   162  bt.o(.text)
    Bt_M23_EnPWM_Output                      0x00005159   Thumb Code    50  bt.o(.text)
    Bt_M23_Run                               0x0000518b   Thumb Code    24  bt.o(.text)
    Bt_M23_Stop                              0x000051a3   Thumb Code    22  bt.o(.text)
    Bt_M23_ARRSet                            0x000051b9   Thumb Code    44  bt.o(.text)
    Bt_M23_Cnt16Set                          0x000051e5   Thumb Code    26  bt.o(.text)
    Bt_M23_Cnt16Get                          0x000051ff   Thumb Code    18  bt.o(.text)
    Bt_M23_CCR_Set                           0x00005211   Thumb Code    54  bt.o(.text)
    Bt_M23_CCR_Get                           0x00005247   Thumb Code    36  bt.o(.text)
    Bt_M23_GateFuncSel                       0x0000526b   Thumb Code    72  bt.o(.text)
    Bt_M23_MasterSlave_Set                   0x000052b3   Thumb Code    90  bt.o(.text)
    Bt_M23_PortOutput_Cfg                    0x0000530d   Thumb Code   184  bt.o(.text)
    Bt_M23_PortInput_Cfg                     0x000053c5   Thumb Code   140  bt.o(.text)
    Bt_M23_ETRInput_Cfg                      0x00005451   Thumb Code    56  bt.o(.text)
    Bt_M23_BrakeInput_Cfg                    0x00005489   Thumb Code   186  bt.o(.text)
    Bt_M23_TrigADC_Cfg                       0x00005543   Thumb Code    86  bt.o(.text)
    Bt_M23_DT_Cfg                            0x00005599   Thumb Code    48  bt.o(.text)
    Bt_M23_SetValidPeriod                    0x000055c9   Thumb Code    26  bt.o(.text)
    Bt_M23_OCRefClr                          0x000055e3   Thumb Code    54  bt.o(.text)
    Bt_M23_EnDMA                             0x00005619   Thumb Code   108  bt.o(.text)
    Bt_M23_EnSwTrigCapCmpA                   0x00005685   Thumb Code    24  bt.o(.text)
    Bt_M23_EnSwTrigCapCmpB                   0x0000569d   Thumb Code    24  bt.o(.text)
    Bt_M23_EnSwUev                           0x000056b5   Thumb Code    26  bt.o(.text)
    Bt_M23_EnSwTrig                          0x000056cf   Thumb Code    26  bt.o(.text)
    Bt_M23_EnSwBk                            0x000056e9   Thumb Code    26  bt.o(.text)
    Flash_GetIntFlag                         0x00005709   Thumb Code    18  flash.o(.text)
    Flash_ClearIntFlag                       0x0000571b   Thumb Code    18  flash.o(.text)
    Flash_EnableIrq                          0x0000572d   Thumb Code    48  flash.o(.text)
    Flash_DisableIrq                         0x0000575d   Thumb Code    48  flash.o(.text)
    Flash_Init                               0x0000578d   Thumb Code   188  flash.o(.text)
    Flash_LockAll                            0x00005849   Thumb Code    16  flash.o(.text)
    Flash_UnlockAll                          0x00005859   Thumb Code    18  flash.o(.text)
    Flash_WriteByte                          0x0000586b   Thumb Code   158  flash.o(.text)
    Flash_WriteHalfWord                      0x00005909   Thumb Code   158  flash.o(.text)
    Flash_WriteWord                          0x000059a7   Thumb Code   158  flash.o(.text)
    Flash_SectorErase                        0x00005a45   Thumb Code   158  flash.o(.text)
    Flash_ChipErase                          0x00005ae3   Thumb Code   164  flash.o(.text)
    Flash_WaitCycle                          0x00005b87   Thumb Code    38  flash.o(.text)
    Flash_LockSet                            0x00005bad   Thumb Code    20  flash.o(.text)
    HCFLASH_ReadWord                         0x00005bc1   Thumb Code     6  flash.o(.text)
    HCFlash_Write_Word                       0x00005bc7   Thumb Code   210  flash.o(.text)
    HCFLASH_Read                             0x00005c99   Thumb Code    34  flash.o(.text)
    HCFlash_WriteByte                        0x00005cbb   Thumb Code   180  flash.o(.text)
    Wdt_WriteWdtLoad                         0x00005d89   Thumb Code    20  wdt.o(.text)
    Wdt_Init                                 0x00005d9d   Thumb Code    40  wdt.o(.text)
    Wdt_Start                                0x00005dc5   Thumb Code    12  wdt.o(.text)
    Wdt_Feed                                 0x00005dd1   Thumb Code    12  wdt.o(.text)
    Wdt_IrqClr                               0x00005ddd   Thumb Code    12  wdt.o(.text)
    Wdt_ReadWdtValue                         0x00005de9   Thumb Code    10  wdt.o(.text)
    Wdt_ReadwdtStatus                        0x00005df3   Thumb Code    20  wdt.o(.text)
    Wdt_GetIrqStatus                         0x00005e07   Thumb Code    20  wdt.o(.text)
    __aeabi_uidiv                            0x00005e21   Thumb Code     0  uidiv.o(.text)
    __aeabi_uidivmod                         0x00005e21   Thumb Code    44  uidiv.o(.text)
    __aeabi_idiv                             0x00005e4d   Thumb Code     0  idiv.o(.text)
    __aeabi_idivmod                          0x00005e4d   Thumb Code    40  idiv.o(.text)
    __aeabi_memcpy                           0x00005e75   Thumb Code    36  memcpya.o(.text)
    __aeabi_memcpy4                          0x00005e75   Thumb Code     0  memcpya.o(.text)
    __aeabi_memcpy8                          0x00005e75   Thumb Code     0  memcpya.o(.text)
    __aeabi_memset                           0x00005e99   Thumb Code    14  memseta.o(.text)
    __aeabi_memset4                          0x00005e99   Thumb Code     0  memseta.o(.text)
    __aeabi_memset8                          0x00005e99   Thumb Code     0  memseta.o(.text)
    __aeabi_memclr                           0x00005ea7   Thumb Code     4  memseta.o(.text)
    __aeabi_memclr4                          0x00005ea7   Thumb Code     0  memseta.o(.text)
    __aeabi_memclr8                          0x00005ea7   Thumb Code     0  memseta.o(.text)
    _memset$wrapper                          0x00005eab   Thumb Code    18  memseta.o(.text)
    __aeabi_fadd                             0x00005ebd   Thumb Code   162  fadd.o(.text)
    __aeabi_fsub                             0x00005f5f   Thumb Code     8  fadd.o(.text)
    __aeabi_frsub                            0x00005f67   Thumb Code     8  fadd.o(.text)
    __aeabi_fdiv                             0x00005f6f   Thumb Code   124  fdiv.o(.text)
    __aeabi_ui2f                             0x00005feb   Thumb Code    14  ffltui.o(.text)
    __aeabi_f2uiz                            0x00005ff9   Thumb Code    40  ffixui.o(.text)
    __aeabi_uldivmod                         0x00006021   Thumb Code    96  uldiv.o(.text)
    __I$use$fp                               0x00006081   Thumb Code     0  iusefp.o(.text)
    _float_round                             0x00006081   Thumb Code    16  fepilogue.o(.text)
    _float_epilogue                          0x00006091   Thumb Code   114  fepilogue.o(.text)
    __scatterload                            0x00006105   Thumb Code    28  init.o(.text)
    __scatterload_rt2                        0x00006105   Thumb Code     0  init.o(.text)
    __aeabi_llsl                             0x00006129   Thumb Code    32  llshl.o(.text)
    _ll_shift_l                              0x00006129   Thumb Code     0  llshl.o(.text)
    __aeabi_llsr                             0x00006149   Thumb Code    34  llushr.o(.text)
    _ll_ushift_r                             0x00006149   Thumb Code     0  llushr.o(.text)
    __0printf$8                              0x0000616d   Thumb Code    24  printf8.o(i.__0printf$8)
    __1printf$8                              0x0000616d   Thumb Code     0  printf8.o(i.__0printf$8)
    __2printf                                0x0000616d   Thumb Code     0  printf8.o(i.__0printf$8)
    __ARM_common_switch8                     0x0000618d   Thumb Code    28  main.o(i.__ARM_common_switch8)
    __scatterload_copy                       0x000061a9   Thumb Code    14  handlers.o(i.__scatterload_copy)
    __scatterload_null                       0x000061b7   Thumb Code     2  handlers.o(i.__scatterload_null)
    __scatterload_zeroinit                   0x000061b9   Thumb Code    14  handlers.o(i.__scatterload_zeroinit)
    gImage_pm                                0x0000663c   Data         392  lcd.o(.constdata)
    gImage_zigbee                            0x000067c4   Data          60  lcd.o(.constdata)
    gImage_gantan                            0x00006800   Data          60  lcd.o(.constdata)
    gImage_ZC                                0x0000683c   Data         216  lcd.o(.constdata)
    gImage_LP                                0x00006914   Data         480  lcd.o(.constdata)
    gImage_HP                                0x00006af4   Data         480  lcd.o(.constdata)
    gImage_AF                                0x00006cd4   Data         480  lcd.o(.constdata)
    gImage_AP                                0x00006eb4   Data         480  lcd.o(.constdata)
    gImage_CO2                               0x00007094   Data         174  lcd.o(.constdata)
    gImage_AirFresh                          0x00007142   Data         492  lcd.o(.constdata)
    gImage_Tem                               0x0000732e   Data         232  lcd.o(.constdata)
    gImage_Hum                               0x00007416   Data         232  lcd.o(.constdata)
    gImage_Deg                               0x000074fe   Data         124  lcd.o(.constdata)
    gImage_Perc                              0x0000757a   Data         120  lcd.o(.constdata)
    NUM                                      0x000075f2   Data        5060  lcd.o(.constdata)
    download_cmd                             0x000089b8   Data          16  protocol.o(.constdata)
    mon_table                                0x000089cc   Data          12  system.o(.constdata)
    puint32_tPcgTimer4M                      0x00008a04   Data          32  flash.o(.constdata)
    Region$$Table$$Base                      0x00008a24   Number         0  anon$$obj.o(Region$$Table)
    Region$$Table$$Limit                     0x00008a44   Number         0  anon$$obj.o(Region$$Table)
    imageArray                               0x20000000   Data         104  lcd.o(.data)
    image_Num                                0x20000068   Data          80  lcd.o(.data)
    POINT_COLOR                              0x200000b8   Data           2  lcd.o(.data)
    BACK_COLOR                               0x200000ba   Data           2  lcd.o(.data)
    sss                                      0x200000bc   Data           1  sc09.o(.data)
    uart_flag                                0x200000bd   Data           1  uart_pm.o(.data)
    u8TxCnt                                  0x200000be   Data           1  uart_pm.o(.data)
    u8RxCnt                                  0x200000bf   Data           1  uart_pm.o(.data)
    crc                                      0x200000c0   Data           1  uart_pm.o(.data)
    BuzzerCount                              0x200000c4   Data           4  main.o(.data)
    PM_SHOW                                  0x200000c8   Data           1  main.o(.data)
    CO2_SHOW                                 0x200000c9   Data           1  main.o(.data)
    TEMANDHUM_SHOW                           0x200000ca   Data           1  main.o(.data)
    Display                                  0x200000ce   Data          12  airbox.o(.data)
    net_status                               0x200000da   Data           1  airbox.o(.data)
    OTA_Offset                               0x200000e0   Data           2  protocol.o(.data)
    Flash_flage                              0x200000e2   Data           1  protocol.o(.data)
    Flash_Adder                              0x200000e4   Data           4  protocol.o(.data)
    current_mcu_pid                          0x200000e8   Data           8  system.o(.data)
    queue_in                                 0x200000f0   Data           4  system.o(.data)
    queue_out                                0x200000f4   Data           4  system.o(.data)
    zigbee_work_state                        0x200000f8   Data           1  system.o(.data)
    rx_in                                    0x200000f9   Data           1  system.o(.data)
    wakeup_flag                              0x200000fa   Data           1  system.o(.data)
    record_report_time_flag                  0x200000fb   Data           1  system.o(.data)
    timestamp                                0x200000fc   Data           4  system.o(.data)
    _time                                    0x20000100   Data           8  system.o(.data)
    SystemCoreClock                          0x20000110   Data           4  system_hc32l13x.o(.data)
    __stdout                                 0x20000114   Data           4  ddl.o(.data)
    number                                   0x20000118   Data           2  flash.o(.data)
    u8RxData                                 0x2000011c   Data          32  uart_pm.o(.bss)
    RX_PM_buffer                             0x2000013c   Data          32  uart_pm.o(.bss)
    OTA_Data                                 0x2000015c   Data         512  protocol.o(.bss)
    ota_fw_info                              0x2000035c   Data          24  system.o(.bss)
    zigbee_queue_buf                         0x20000374   Data         265  system.o(.bss)
    zigbee_uart_rx_buf                       0x2000047d   Data         137  system.o(.bss)
    zigbee_uart_tx_buf                       0x20000506   Data         137  system.o(.bss)
    PBuffer                                  0x2000058f   Data         512  flash.o(.bss)
    __initial_sp                             0x20000990   Data           0  startup_hc32l13x.o(STACK)



==============================================================================

Memory Map of the image

  Image Entry point : 0x000000c1

  Load Region LR_IROM1 (Base: 0x00000000, Size: 0x00008b60, Max: 0x00010000, ABSOLUTE)

    Execution Region ER_IROM1 (Exec base: 0x00000000, Load base: 0x00000000, Size: 0x00008a44, Max: 0x00010000, ABSOLUTE)

    Exec Addr    Load Addr    Size         Type   Attr      Idx    E Section Name        Object

    0x00000000   0x00000000   0x000000c0   Data   RO          358    RESET               startup_hc32l13x.o
    0x000000c0   0x000000c0   0x00000000   Code   RO          578  * .ARM.Collect$$$$00000000  mc_p.l(entry.o)
    0x000000c0   0x000000c0   0x00000004   Code   RO          860    .ARM.Collect$$$$00000001  mc_p.l(entry2.o)
    0x000000c4   0x000000c4   0x00000004   Code   RO          863    .ARM.Collect$$$$00000004  mc_p.l(entry5.o)
    0x000000c8   0x000000c8   0x00000000   Code   RO          865    .ARM.Collect$$$$00000008  mc_p.l(entry7b.o)
    0x000000c8   0x000000c8   0x00000000   Code   RO          867    .ARM.Collect$$$$0000000A  mc_p.l(entry8b.o)
    0x000000c8   0x000000c8   0x00000008   Code   RO          868    .ARM.Collect$$$$0000000B  mc_p.l(entry9a.o)
    0x000000d0   0x000000d0   0x00000000   Code   RO          870    .ARM.Collect$$$$0000000D  mc_p.l(entry10a.o)
    0x000000d0   0x000000d0   0x00000000   Code   RO          872    .ARM.Collect$$$$0000000F  mc_p.l(entry11a.o)
    0x000000d0   0x000000d0   0x00000004   Code   RO          861    .ARM.Collect$$$$00002712  mc_p.l(entry2.o)
    0x000000d4   0x000000d4   0x00001184   Code   RO            3    .text               lcd.o
    0x00001258   0x00001258   0x00000c74   Code   RO          117    .text               sc09.o
    0x00001ecc   0x00001ecc   0x00000284   Code   RO          140    .text               uart_pm.o
    0x00002150   0x00002150   0x00000670   Code   RO          170    .text               main.o
    0x000027c0   0x000027c0   0x00000068   Code   RO          208    .text               airbox.o
    0x00002828   0x00002828   0x000006b0   Code   RO          231    .text               mcu_api.o
    0x00002ed8   0x00002ed8   0x000003fc   Code   RO          252    .text               protocol.o
    0x000032d4   0x000032d4   0x000005f4   Code   RO          280    .text               system.o
    0x000038c8   0x000038c8   0x00000200   Code   RO          309    .text               interrupts_hc32l13x.o
    0x00003ac8   0x00003ac8   0x00000078   Code   RO          332    .text               system_hc32l13x.o
    0x00003b40   0x00003b40   0x0000003c   Code   RO          359    .text               startup_hc32l13x.o
    0x00003b7c   0x00003b7c   0x00000168   Code   RO          365    .text               ddl.o
    0x00003ce4   0x00003ce4   0x00000348   Code   RO          392    .text               gpio.o
    0x0000402c   0x0000402c   0x00000124   Code   RO          412    .text               i2c.o
    0x00004150   0x00004150   0x000006bc   Code   RO          432    .text               sysctrl.o
    0x0000480c   0x0000480c   0x000001c0   Code   RO          453    .text               uart.o
    0x000049cc   0x000049cc   0x000001e0   Code   RO          474    .text               lpuart.o
    0x00004bac   0x00004bac   0x00000b5c   Code   RO          515    .text               bt.o
    0x00005708   0x00005708   0x00000680   Code   RO          535    .text               flash.o
    0x00005d88   0x00005d88   0x00000098   Code   RO          560    .text               wdt.o
    0x00005e20   0x00005e20   0x0000002c   Code   RO          581    .text               mc_p.l(uidiv.o)
    0x00005e4c   0x00005e4c   0x00000028   Code   RO          583    .text               mc_p.l(idiv.o)
    0x00005e74   0x00005e74   0x00000024   Code   RO          585    .text               mc_p.l(memcpya.o)
    0x00005e98   0x00005e98   0x00000024   Code   RO          587    .text               mc_p.l(memseta.o)
    0x00005ebc   0x00005ebc   0x000000b2   Code   RO          852    .text               mf_p.l(fadd.o)
    0x00005f6e   0x00005f6e   0x0000007c   Code   RO          854    .text               mf_p.l(fdiv.o)
    0x00005fea   0x00005fea   0x0000000e   Code   RO          856    .text               mf_p.l(ffltui.o)
    0x00005ff8   0x00005ff8   0x00000028   Code   RO          858    .text               mf_p.l(ffixui.o)
    0x00006020   0x00006020   0x00000060   Code   RO          874    .text               mc_p.l(uldiv.o)
    0x00006080   0x00006080   0x00000000   Code   RO          876    .text               mc_p.l(iusefp.o)
    0x00006080   0x00006080   0x00000082   Code   RO          877    .text               mf_p.l(fepilogue.o)
    0x00006102   0x00006102   0x00000002   PAD
    0x00006104   0x00006104   0x00000024   Code   RO          889    .text               mc_p.l(init.o)
    0x00006128   0x00006128   0x00000020   Code   RO          891    .text               mc_p.l(llshl.o)
    0x00006148   0x00006148   0x00000022   Code   RO          893    .text               mc_p.l(llushr.o)
    0x0000616a   0x0000616a   0x00000002   PAD
    0x0000616c   0x0000616c   0x00000020   Code   RO          798    i.__0printf$8       mc_p.l(printf8.o)
    0x0000618c   0x0000618c   0x0000001c   Code   RO          189    i.__ARM_common_switch8  main.o
    0x000061a8   0x000061a8   0x0000000e   Code   RO          903    i.__scatterload_copy  mc_p.l(handlers.o)
    0x000061b6   0x000061b6   0x00000002   Code   RO          904    i.__scatterload_null  mc_p.l(handlers.o)
    0x000061b8   0x000061b8   0x0000000e   Code   RO          905    i.__scatterload_zeroinit  mc_p.l(handlers.o)
    0x000061c6   0x000061c6   0x00000002   PAD
    0x000061c8   0x000061c8   0x00000428   Code   RO          805    i._printf_core      mc_p.l(printf8.o)
    0x000065f0   0x000065f0   0x00000020   Code   RO          806    i._printf_post_padding  mc_p.l(printf8.o)
    0x00006610   0x00006610   0x0000002c   Code   RO          807    i._printf_pre_padding  mc_p.l(printf8.o)
    0x0000663c   0x0000663c   0x0000237a   Data   RO            4    .constdata          lcd.o
    0x000089b6   0x000089b6   0x00000002   PAD
    0x000089b8   0x000089b8   0x00000014   Data   RO          254    .constdata          protocol.o
    0x000089cc   0x000089cc   0x0000000c   Data   RO          282    .constdata          system.o
    0x000089d8   0x000089d8   0x00000018   Data   RO          433    .constdata          sysctrl.o
    0x000089f0   0x000089f0   0x00000008   Data   RO          454    .constdata          uart.o
    0x000089f8   0x000089f8   0x0000000c   Data   RO          475    .constdata          lpuart.o
    0x00008a04   0x00008a04   0x00000020   Data   RO          537    .constdata          flash.o
    0x00008a24   0x00008a24   0x00000020   Data   RO          901    Region$$Table       anon$$obj.o


    Execution Region RW_IRAM1 (Exec base: 0x20000000, Load base: 0x00008a44, Size: 0x00000990, Max: 0x00002000, ABSOLUTE)

    Exec Addr    Load Addr    Size         Type   Attr      Idx    E Section Name        Object

    0x20000000   0x00008a44   0x000000bc   Data   RW            5    .data               lcd.o
    0x200000bc   0x00008b00   0x00000001   Data   RW          118    .data               sc09.o
    0x200000bd   0x00008b01   0x00000004   Data   RW          142    .data               uart_pm.o
    0x200000c1   0x00008b05   0x00000003   PAD
    0x200000c4   0x00008b08   0x0000000a   Data   RW          172    .data               main.o
    0x200000ce   0x00008b12   0x0000000d   Data   RW          209    .data               airbox.o
    0x200000db   0x00008b1f   0x00000001   PAD
    0x200000dc   0x00008b20   0x00000002   Data   RW          232    .data               mcu_api.o
    0x200000de   0x00008b22   0x00000002   PAD
    0x200000e0   0x00008b24   0x00000008   Data   RW          255    .data               protocol.o
    0x200000e8   0x00008b2c   0x00000028   Data   RW          283    .data               system.o
    0x20000110   0x00008b54   0x00000004   Data   RW          333    .data               system_hc32l13x.o
    0x20000114   0x00008b58   0x00000004   Data   RW          366    .data               ddl.o
    0x20000118   0x00008b5c   0x00000002   Data   RW          538    .data               flash.o
    0x2000011a   0x00008b5e   0x00000002   PAD
    0x2000011c        -       0x00000040   Zero   RW          141    .bss                uart_pm.o
    0x2000015c        -       0x00000200   Zero   RW          253    .bss                protocol.o
    0x2000035c        -       0x00000233   Zero   RW          281    .bss                system.o
    0x2000058f        -       0x00000200   Zero   RW          536    .bss                flash.o
    0x2000078f   0x00008b5e   0x00000001   PAD
    0x20000790        -       0x00000200   Zero   RW          356    STACK               startup_hc32l13x.o


==============================================================================

Image component sizes


      Code (inc. data)   RO Data    RW Data    ZI Data      Debug   Object Name

       104         10          0         13          0       2506   airbox.o
      2908         14          0          0          0      15791   bt.o
       360         22          0          4          0       4430   ddl.o
      1664         48         32          2        512       7408   flash.o
       840         14          0          0          0       6925   gpio.o
       292          8          0          0          0       2761   i2c.o
       512         14          0          0          0      13296   interrupts_hc32l13x.o
      4484         82       9082        188          0     149263   lcd.o
       480          6         12          0          0       4876   lpuart.o
      1676         44          0         10          0      11677   main.o
      1712         38          0          2          0       7211   mcu_api.o
      1020         36         20          8        512       5171   protocol.o
      3188         66          0          1          0      10071   sc09.o
        60         22        192          0        512        608   startup_hc32l13x.o
      1724         72         24          0          0       7301   sysctrl.o
      1524        118         12         40        563       9083   system.o
       120         14          0          4          0       1072   system_hc32l13x.o
       448          6          8          0          0       4533   uart.o
       644         46          0          4         64       3685   uart_pm.o
       152          6          0          0          0       1554   wdt.o

    ----------------------------------------------------------------------
     23912        686       9416        284       2164     269222   Object Totals
         0          0         32          0          0          0   (incl. Generated)
         0          0          2          8          1          0   (incl. Padding)

    ----------------------------------------------------------------------

      Code (inc. data)   RO Data    RW Data    ZI Data      Debug   Library Member Name

         0          0          0          0          0          0   entry.o
         0          0          0          0          0          0   entry10a.o
         0          0          0          0          0          0   entry11a.o
         8          4          0          0          0          0   entry2.o
         4          0          0          0          0          0   entry5.o
         0          0          0          0          0          0   entry7b.o
         0          0          0          0          0          0   entry8b.o
         8          4          0          0          0          0   entry9a.o
        30          0          0          0          0          0   handlers.o
        40          0          0          0          0         72   idiv.o
        36          8          0          0          0         68   init.o
         0          0          0          0          0          0   iusefp.o
        32          0          0          0          0         68   llshl.o
        34          0          0          0          0         68   llushr.o
        36          0          0          0          0         60   memcpya.o
        36          0          0          0          0        100   memseta.o
      1172         52          0          0          0        324   printf8.o
        44          0          0          0          0         72   uidiv.o
        96          0          0          0          0         84   uldiv.o
       178          0          0          0          0        108   fadd.o
       124          0          0          0          0         72   fdiv.o
       130          0          0          0          0        144   fepilogue.o
        40          0          0          0          0         60   ffixui.o
        14          0          0          0          0         68   ffltui.o

    ----------------------------------------------------------------------
      2068         68          0          0          0       1368   Library Totals
         6          0          0          0          0          0   (incl. Padding)

    ----------------------------------------------------------------------

      Code (inc. data)   RO Data    RW Data    ZI Data      Debug   Library Name

      1576         68          0          0          0        916   mc_p.l
       486          0          0          0          0        452   mf_p.l

    ----------------------------------------------------------------------
      2068         68          0          0          0       1368   Library Totals

    ----------------------------------------------------------------------

==============================================================================


      Code (inc. data)   RO Data    RW Data    ZI Data      Debug   

     25980        754       9416        284       2164     268366   Grand Totals
     25980        754       9416        284       2164     268366   ELF Image Totals
     25980        754       9416        284          0          0   ROM Totals

==============================================================================

    Total RO  Size (Code + RO Data)                35396 (  34.57kB)
    Total RW  Size (RW Data + ZI Data)              2448 (   2.39kB)
    Total ROM Size (Code + RO Data + RW Data)      35680 (  34.84kB)

==============================================================================

